warm up
**********START MMA INT4 INT32 BENCH***********
mma.sync.aligned.m16n8k32.row.col.s32.s4.s4.s32 TEST with ILP = 1, warp num = 1, SMs = 132, GPUFreq = 1980000000
Latency = 223.579
Throughput = 18.3201 FMA/SM/clk, ideally 9.57631 TFLOPS/TOPS
mma.sync.aligned.m16n8k32.row.col.s32.s4.s4.s32 TEST with ILP = 1, warp num = 2, SMs = 132, GPUFreq = 1980000000
Latency = 223.569
Throughput = 36.6419 FMA/SM/clk, ideally 19.1535 TFLOPS/TOPS
mma.sync.aligned.m16n8k32.row.col.s32.s4.s4.s32 TEST with ILP = 1, warp num = 4, SMs = 132, GPUFreq = 1980000000
Latency = 223.575
Throughput = 73.2818 FMA/SM/clk, ideally 38.3059 TFLOPS/TOPS
mma.sync.aligned.m16n8k32.row.col.s32.s4.s4.s32 TEST with ILP = 1, warp num = 8, SMs = 132, GPUFreq = 1980000000
Latency = 308.461
Throughput = 106.231 FMA/SM/clk, ideally 55.5289 TFLOPS/TOPS
mma.sync.aligned.m16n8k32.row.col.s32.s4.s4.s32 TEST with ILP = 1, warp num = 16, SMs = 132, GPUFreq = 1980000000
Latency = 613.636
Throughput = 106.799 FMA/SM/clk, ideally 55.8262 TFLOPS/TOPS
mma.sync.aligned.m16n8k32.row.col.s32.s4.s4.s32 TEST with ILP = 1, warp num = 32, SMs = 132, GPUFreq = 1980000000
Latency = 1226.02
Throughput = 106.908 FMA/SM/clk, ideally 55.8832 TFLOPS/TOPS

**********START MMA INT8 INT32 BENCH***********
mma.sync.aligned.m16n8k32.row.col.s32.s8.s8.s32 TEST with ILP = 1, warp num = 1, SMs = 132, GPUFreq = 1980000000
Latency = 24.0521
Throughput = 170.297 FMA/SM/clk, ideally 89.0176 TFLOPS/TOPS
mma.sync.aligned.m16n8k32.row.col.s32.s8.s8.s32 TEST with ILP = 1, warp num = 2, SMs = 132, GPUFreq = 1980000000
Latency = 24.0532
Throughput = 340.578 FMA/SM/clk, ideally 178.027 TFLOPS/TOPS
mma.sync.aligned.m16n8k32.row.col.s32.s8.s8.s32 TEST with ILP = 1, warp num = 4, SMs = 132, GPUFreq = 1980000000
Latency = 24.059
Throughput = 680.993 FMA/SM/clk, ideally 355.968 TFLOPS/TOPS
mma.sync.aligned.m16n8k32.row.col.s32.s8.s8.s32 TEST with ILP = 1, warp num = 8, SMs = 132, GPUFreq = 1980000000
Latency = 24.0661
Throughput = 1361.58 FMA/SM/clk, ideally 711.727 TFLOPS/TOPS
mma.sync.aligned.m16n8k32.row.col.s32.s8.s8.s32 TEST with ILP = 1, warp num = 16, SMs = 132, GPUFreq = 1980000000
Latency = 25.1608
Throughput = 2604.69 FMA/SM/clk, ideally 1361.52 TFLOPS/TOPS
mma.sync.aligned.m16n8k32.row.col.s32.s8.s8.s32 TEST with ILP = 1, warp num = 32, SMs = 132, GPUFreq = 1980000000
Latency = 48.892
Throughput = 2680.85 FMA/SM/clk, ideally 1401.33 TFLOPS/TOPS
**********START MMA FP8 FP32 BENCH***********
mma.sync.aligned.m16n8k32.row.col.f32.e4m3.e4m3.f32 TEST with ILP = 1, warp num = 1, SMs = 132, GPUFreq = 1980000000
Latency = 8.8226
Throughput = 464.262 FMA/SM/clk, ideally 242.679 TFLOPS/TOPS
mma.sync.aligned.m16n8k32.row.col.f32.e4m3.e4m3.f32 TEST with ILP = 1, warp num = 2, SMs = 132, GPUFreq = 1980000000
Latency = 8.8197
Throughput = 928.83 FMA/SM/clk, ideally 485.518 TFLOPS/TOPS
mma.sync.aligned.m16n8k32.row.col.f32.e4m3.e4m3.f32 TEST with ILP = 1, warp num = 4, SMs = 132, GPUFreq = 1980000000
Latency = 8.8248
Throughput = 1856.59 FMA/SM/clk, ideally 970.475 TFLOPS/TOPS
mma.sync.aligned.m16n8k32.row.col.f32.e4m3.e4m3.f32 TEST with ILP = 1, warp num = 8, SMs = 132, GPUFreq = 1980000000
Latency = 13.4474
Throughput = 2436.75 FMA/SM/clk, ideally 1273.74 TFLOPS/TOPS
mma.sync.aligned.m16n8k32.row.col.f32.e4m3.e4m3.f32 TEST with ILP = 1, warp num = 16, SMs = 132, GPUFreq = 1980000000
Latency = 25.398
Throughput = 2580.36 FMA/SM/clk, ideally 1348.81 TFLOPS/TOPS
mma.sync.aligned.m16n8k32.row.col.f32.e4m3.e4m3.f32 TEST with ILP = 1, warp num = 32, SMs = 132, GPUFreq = 1980000000
Latency = 50.9629
Throughput = 2571.91 FMA/SM/clk, ideally 1344.39 TFLOPS/TOPS
warm up
**********START MMA INT4 INT32 BENCH***********
mma.sync.aligned.m16n8k32.row.col.i32.i4.i4.i32 TEST with ILP = 4, warp num = 1, SMs = 132, GPUFreq = 1980000000
Time : 5842.49 ms
Throughput(whole kernel) : 7.40331 TFLOPS/TOPS
Latency = 10819732380
Throughput(mma inst) = 7.91539 TFLOPS/TOPS
mma.sync.aligned.m16n8k32.row.col.i32.i4.i4.i32 TEST with ILP = 4, warp num = 2, SMs = 132, GPUFreq = 1980000000
Time : 5841.04 ms
Throughput(whole kernel) : 14.8103 TFLOPS/TOPS
Latency = 10820000153
Throughput(mma inst) = 15.8304 TFLOPS/TOPS
mma.sync.aligned.m16n8k32.row.col.i32.i4.i4.i32 TEST with ILP = 4, warp num = 4, SMs = 132, GPUFreq = 1980000000
Time : 5832.62 ms
Throughput(whole kernel) : 29.6633 TFLOPS/TOPS
Latency = 10822053852
Throughput(mma inst) = 31.6548 TFLOPS/TOPS
mma.sync.aligned.m16n8k32.row.col.i32.i4.i4.i32 TEST with ILP = 4, warp num = 8, SMs = 132, GPUFreq = 1980000000
Time : 8467.29 ms
Throughput(whole kernel) : 40.8667 TFLOPS/TOPS
Latency = 15725548324
Throughput(mma inst) = 43.5686 TFLOPS/TOPS
mma.sync.aligned.m16n8k32.row.col.i32.i4.i4.i32 TEST with ILP = 4, warp num = 16, SMs = 132, GPUFreq = 1980000000
Time : 15953.8 ms
Throughput(whole kernel) : 43.3789 TFLOPS/TOPS
Latency = 29646743240
Throughput(mma inst) = 46.2202 TFLOPS/TOPS
mma.sync.aligned.m16n8k32.row.col.i32.i4.i4.i32 TEST with ILP = 4, warp num = 32, SMs = 132, GPUFreq = 1980000000
Time : 31900 ms
Throughput(whole kernel) : 43.3894 TFLOPS/TOPS
Latency = 59125810535
Throughput(mma inst) = 46.3513 TFLOPS/TOPS

**********START MMA INT8 INT32 BENCH***********
mma.sync.aligned.m16n8k32.row.col.i32.i8.i8.i32 TEST with ILP = 4, warp num = 1, SMs = 132, GPUFreq = 1980000000
Time : 136.124 ms
Throughput(whole kernel) : 317.754 TFLOPS/TOPS
Latency = 251250094
Throughput(mma inst) = 340.865 TFLOPS/TOPS
mma.sync.aligned.m16n8k32.row.col.i32.i8.i8.i32 TEST with ILP = 4, warp num = 2, SMs = 132, GPUFreq = 1980000000
Time : 136.099 ms
Throughput(whole kernel) : 635.624 TFLOPS/TOPS
Latency = 251250179
Throughput(mma inst) = 681.73 TFLOPS/TOPS
mma.sync.aligned.m16n8k32.row.col.i32.i8.i8.i32 TEST with ILP = 4, warp num = 4, SMs = 132, GPUFreq = 1980000000
Time : 136.033 ms
Throughput(whole kernel) : 1271.86 TFLOPS/TOPS
Latency = 251250286
Throughput(mma inst) = 1363.46 TFLOPS/TOPS
mma.sync.aligned.m16n8k32.row.col.i32.i8.i8.i32 TEST with ILP = 4, warp num = 8, SMs = 132, GPUFreq = 1980000000
Time : 260.451 ms
Throughput(whole kernel) : 1328.58 TFLOPS/TOPS
Latency = 481250520
Throughput(mma inst) = 1423.67 TFLOPS/TOPS
mma.sync.aligned.m16n8k32.row.col.i32.i8.i8.i32 TEST with ILP = 4, warp num = 16, SMs = 132, GPUFreq = 1980000000
Time : 520.758 ms
Throughput(whole kernel) : 1328.95 TFLOPS/TOPS
Latency = 962500807
Throughput(mma inst) = 1423.67 TFLOPS/TOPS
mma.sync.aligned.m16n8k32.row.col.i32.i8.i8.i32 TEST with ILP = 4, warp num = 32, SMs = 132, GPUFreq = 1980000000
Time : 1041.43 ms
Throughput(whole kernel) : 1329.06 TFLOPS/TOPS
Latency = 1925098843
Throughput(mma inst) = 1423.59 TFLOPS/TOPS
