ptxas info    : (C7519) warpgroup.arrive is injected in around line 1899 by compiler to allow use of registers in GMMA in function '_Z21wgmma_m64nNk256_b1_RSILi256EEvPiPaS1_S0_hi'
ptxas info    : (C7519) warpgroup.arrive is injected in around line 1957 by compiler to allow use of registers in GMMA in function '_Z21wgmma_m64nNk256_b1_RSILi256EEvPiPaS1_S0_hi'
ptxas info    : (C7519) warpgroup.arrive is injected in around line 1969 by compiler to allow use of registers in GMMA in function '_Z21wgmma_m64nNk256_b1_RSILi256EEvPiPaS1_S0_hi'
ptxas info    : (C7519) warpgroup.arrive is injected in around line 701 by compiler to allow use of registers in GMMA in function '_Z21wgmma_m64nNk256_b1_SSILi256EEvPiPaS1_S0_hi'
ptxas info    : (C7519) warpgroup.arrive is injected in around line 764 by compiler to allow use of registers in GMMA in function '_Z21wgmma_m64nNk256_b1_SSILi256EEvPiPaS1_S0_hi'
ptxas info    : (C7519) warpgroup.arrive is injected in around line 6072 by compiler to allow use of registers in GMMA in function '_Z22wgmma_m64nNk16_fmix_RSILi8EEvPfP7__half2S2_S0_hi'
ptxas info    : (C7519) warpgroup.arrive is injected in around line 6117 by compiler to allow use of registers in GMMA in function '_Z22wgmma_m64nNk16_fmix_RSILi8EEvPfP7__half2S2_S0_hi'
ptxas info    : (C7519) warpgroup.arrive is injected in around line 6128 by compiler to allow use of registers in GMMA in function '_Z22wgmma_m64nNk16_fmix_RSILi8EEvPfP7__half2S2_S0_hi'
ptxas info    : (C7519) warpgroup.arrive is injected in around line 5850 by compiler to allow use of registers in GMMA in function '_Z22wgmma_m64nNk16_fmix_RSILi16EEvPfP7__half2S2_S0_hi'
ptxas info    : (C7519) warpgroup.arrive is injected in around line 5895 by compiler to allow use of registers in GMMA in function '_Z22wgmma_m64nNk16_fmix_RSILi16EEvPfP7__half2S2_S0_hi'
ptxas info    : (C7519) warpgroup.arrive is injected in around line 5922 by compiler to allow use of registers in GMMA in function '_Z22wgmma_m64nNk16_fmix_RSILi16EEvPfP7__half2S2_S0_hi'
ptxas info    : (C7519) warpgroup.arrive is injected in around line 5590 by compiler to allow use of registers in GMMA in function '_Z22wgmma_m64nNk16_fmix_RSILi32EEvPfP7__half2S2_S0_hi'
ptxas info    : (C7519) warpgroup.arrive is injected in around line 5635 by compiler to allow use of registers in GMMA in function '_Z22wgmma_m64nNk16_fmix_RSILi32EEvPfP7__half2S2_S0_hi'
ptxas info    : (C7519) warpgroup.arrive is injected in around line 5662 by compiler to allow use of registers in GMMA in function '_Z22wgmma_m64nNk16_fmix_RSILi32EEvPfP7__half2S2_S0_hi'
ptxas info    : (C7519) warpgroup.arrive is injected in around line 5210 by compiler to allow use of registers in GMMA in function '_Z22wgmma_m64nNk16_fmix_RSILi64EEvPfP7__half2S2_S0_hi'
ptxas info    : (C7519) warpgroup.arrive is injected in around line 5269 by compiler to allow use of registers in GMMA in function '_Z22wgmma_m64nNk16_fmix_RSILi64EEvPfP7__half2S2_S0_hi'
ptxas info    : (C7519) warpgroup.arrive is injected in around line 5281 by compiler to allow use of registers in GMMA in function '_Z22wgmma_m64nNk16_fmix_RSILi64EEvPfP7__half2S2_S0_hi'
ptxas info    : (C7519) warpgroup.arrive is injected in around line 4670 by compiler to allow use of registers in GMMA in function '_Z22wgmma_m64nNk16_fmix_RSILi128EEvPfP7__half2S2_S0_hi'
ptxas info    : (C7519) warpgroup.arrive is injected in around line 4728 by compiler to allow use of registers in GMMA in function '_Z22wgmma_m64nNk16_fmix_RSILi128EEvPfP7__half2S2_S0_hi'
ptxas info    : (C7519) warpgroup.arrive is injected in around line 4740 by compiler to allow use of registers in GMMA in function '_Z22wgmma_m64nNk16_fmix_RSILi128EEvPfP7__half2S2_S0_hi'
ptxas info    : (C7519) warpgroup.arrive is injected in around line 3790 by compiler to allow use of registers in GMMA in function '_Z22wgmma_m64nNk16_fmix_RSILi256EEvPfP7__half2S2_S0_hi'
ptxas info    : (C7519) warpgroup.arrive is injected in around line 3848 by compiler to allow use of registers in GMMA in function '_Z22wgmma_m64nNk16_fmix_RSILi256EEvPfP7__half2S2_S0_hi'
ptxas info    : (C7519) warpgroup.arrive is injected in around line 3860 by compiler to allow use of registers in GMMA in function '_Z22wgmma_m64nNk16_fmix_RSILi256EEvPfP7__half2S2_S0_hi'
ptxas info    : (C7519) warpgroup.arrive is injected in around line 3027 by compiler to allow use of registers in GMMA in function '_Z22wgmma_m64nNk16_fmix_SSILi8EEvPfP7__half2S2_S0_hi'
ptxas info    : (C7519) warpgroup.arrive is injected in around line 3072 by compiler to allow use of registers in GMMA in function '_Z22wgmma_m64nNk16_fmix_SSILi8EEvPfP7__half2S2_S0_hi'
ptxas info    : (C7519) warpgroup.arrive is injected in around line 3083 by compiler to allow use of registers in GMMA in function '_Z22wgmma_m64nNk16_fmix_SSILi8EEvPfP7__half2S2_S0_hi'
ptxas info    : (C7519) warpgroup.arrive is injected in around line 2799 by compiler to allow use of registers in GMMA in function '_Z22wgmma_m64nNk16_fmix_SSILi16EEvPfP7__half2S2_S0_hi'
ptxas info    : (C7519) warpgroup.arrive is injected in around line 2844 by compiler to allow use of registers in GMMA in function '_Z22wgmma_m64nNk16_fmix_SSILi16EEvPfP7__half2S2_S0_hi'
ptxas info    : (C7519) warpgroup.arrive is injected in around line 2871 by compiler to allow use of registers in GMMA in function '_Z22wgmma_m64nNk16_fmix_SSILi16EEvPfP7__half2S2_S0_hi'
ptxas info    : (C7519) warpgroup.arrive is injected in around line 2533 by compiler to allow use of registers in GMMA in function '_Z22wgmma_m64nNk16_fmix_SSILi32EEvPfP7__half2S2_S0_hi'
ptxas info    : (C7519) warpgroup.arrive is injected in around line 2578 by compiler to allow use of registers in GMMA in function '_Z22wgmma_m64nNk16_fmix_SSILi32EEvPfP7__half2S2_S0_hi'
ptxas info    : (C7519) warpgroup.arrive is injected in around line 2605 by compiler to allow use of registers in GMMA in function '_Z22wgmma_m64nNk16_fmix_SSILi32EEvPfP7__half2S2_S0_hi'
ptxas info    : (C7519) warpgroup.arrive is injected in around line 2142 by compiler to allow use of registers in GMMA in function '_Z22wgmma_m64nNk16_fmix_SSILi64EEvPfP7__half2S2_S0_hi'
ptxas info    : (C7519) warpgroup.arrive is injected in around line 2206 by compiler to allow use of registers in GMMA in function '_Z22wgmma_m64nNk16_fmix_SSILi64EEvPfP7__half2S2_S0_hi'
ptxas info    : (C7519) warpgroup.arrive is injected in around line 2218 by compiler to allow use of registers in GMMA in function '_Z22wgmma_m64nNk16_fmix_SSILi64EEvPfP7__half2S2_S0_hi'
ptxas info    : (C7519) warpgroup.arrive is injected in around line 1593 by compiler to allow use of registers in GMMA in function '_Z22wgmma_m64nNk16_fmix_SSILi128EEvPfP7__half2S2_S0_hi'
ptxas info    : (C7519) warpgroup.arrive is injected in around line 1656 by compiler to allow use of registers in GMMA in function '_Z22wgmma_m64nNk16_fmix_SSILi128EEvPfP7__half2S2_S0_hi'
ptxas info    : (C7519) warpgroup.arrive is injected in around line 1668 by compiler to allow use of registers in GMMA in function '_Z22wgmma_m64nNk16_fmix_SSILi128EEvPfP7__half2S2_S0_hi'
ptxas info    : (C7519) warpgroup.arrive is injected in around line 704 by compiler to allow use of registers in GMMA in function '_Z22wgmma_m64nNk16_fmix_SSILi256EEvPfP7__half2S2_S0_hi'
ptxas info    : (C7519) warpgroup.arrive is injected in around line 767 by compiler to allow use of registers in GMMA in function '_Z22wgmma_m64nNk16_fmix_SSILi256EEvPfP7__half2S2_S0_hi'
ptxas info    : (C7519) warpgroup.arrive is injected in around line 779 by compiler to allow use of registers in GMMA in function '_Z22wgmma_m64nNk16_fmix_SSILi256EEvPfP7__half2S2_S0_hi'
ptxas info    : (C7519) warpgroup.arrive is injected in around line 6072 by compiler to allow use of registers in GMMA in function '_Z21wgmma_m64nNk8_tf32_RSILi8EEvPfS0_S0_S0_hi'
ptxas info    : (C7519) warpgroup.arrive is injected in around line 6117 by compiler to allow use of registers in GMMA in function '_Z21wgmma_m64nNk8_tf32_RSILi8EEvPfS0_S0_S0_hi'
ptxas info    : (C7519) warpgroup.arrive is injected in around line 6128 by compiler to allow use of registers in GMMA in function '_Z21wgmma_m64nNk8_tf32_RSILi8EEvPfS0_S0_S0_hi'
ptxas info    : (C7519) warpgroup.arrive is injected in around line 5850 by compiler to allow use of registers in GMMA in function '_Z21wgmma_m64nNk8_tf32_RSILi16EEvPfS0_S0_S0_hi'
ptxas info    : (C7519) warpgroup.arrive is injected in around line 5895 by compiler to allow use of registers in GMMA in function '_Z21wgmma_m64nNk8_tf32_RSILi16EEvPfS0_S0_S0_hi'
ptxas info    : (C7519) warpgroup.arrive is injected in around line 5922 by compiler to allow use of registers in GMMA in function '_Z21wgmma_m64nNk8_tf32_RSILi16EEvPfS0_S0_S0_hi'
ptxas info    : (C7519) warpgroup.arrive is injected in around line 5590 by compiler to allow use of registers in GMMA in function '_Z21wgmma_m64nNk8_tf32_RSILi32EEvPfS0_S0_S0_hi'
ptxas info    : (C7519) warpgroup.arrive is injected in around line 5635 by compiler to allow use of registers in GMMA in function '_Z21wgmma_m64nNk8_tf32_RSILi32EEvPfS0_S0_S0_hi'
ptxas info    : (C7519) warpgroup.arrive is injected in around line 5662 by compiler to allow use of registers in GMMA in function '_Z21wgmma_m64nNk8_tf32_RSILi32EEvPfS0_S0_S0_hi'
ptxas info    : (C7519) warpgroup.arrive is injected in around line 5210 by compiler to allow use of registers in GMMA in function '_Z21wgmma_m64nNk8_tf32_RSILi64EEvPfS0_S0_S0_hi'
ptxas info    : (C7519) warpgroup.arrive is injected in around line 5269 by compiler to allow use of registers in GMMA in function '_Z21wgmma_m64nNk8_tf32_RSILi64EEvPfS0_S0_S0_hi'
ptxas info    : (C7519) warpgroup.arrive is injected in around line 5281 by compiler to allow use of registers in GMMA in function '_Z21wgmma_m64nNk8_tf32_RSILi64EEvPfS0_S0_S0_hi'
ptxas info    : (C7519) warpgroup.arrive is injected in around line 4670 by compiler to allow use of registers in GMMA in function '_Z21wgmma_m64nNk8_tf32_RSILi128EEvPfS0_S0_S0_hi'
ptxas info    : (C7519) warpgroup.arrive is injected in around line 4728 by compiler to allow use of registers in GMMA in function '_Z21wgmma_m64nNk8_tf32_RSILi128EEvPfS0_S0_S0_hi'
ptxas info    : (C7519) warpgroup.arrive is injected in around line 4740 by compiler to allow use of registers in GMMA in function '_Z21wgmma_m64nNk8_tf32_RSILi128EEvPfS0_S0_S0_hi'
ptxas info    : (C7519) warpgroup.arrive is injected in around line 3790 by compiler to allow use of registers in GMMA in function '_Z21wgmma_m64nNk8_tf32_RSILi256EEvPfS0_S0_S0_hi'
ptxas info    : (C7519) warpgroup.arrive is injected in around line 3848 by compiler to allow use of registers in GMMA in function '_Z21wgmma_m64nNk8_tf32_RSILi256EEvPfS0_S0_S0_hi'
ptxas info    : (C7519) warpgroup.arrive is injected in around line 3860 by compiler to allow use of registers in GMMA in function '_Z21wgmma_m64nNk8_tf32_RSILi256EEvPfS0_S0_S0_hi'
ptxas info    : (C7519) warpgroup.arrive is injected in around line 3027 by compiler to allow use of registers in GMMA in function '_Z21wgmma_m64nNk8_tf32_SSILi8EEvPfS0_S0_S0_hi'
ptxas info    : (C7519) warpgroup.arrive is injected in around line 3072 by compiler to allow use of registers in GMMA in function '_Z21wgmma_m64nNk8_tf32_SSILi8EEvPfS0_S0_S0_hi'
ptxas info    : (C7519) warpgroup.arrive is injected in around line 3083 by compiler to allow use of registers in GMMA in function '_Z21wgmma_m64nNk8_tf32_SSILi8EEvPfS0_S0_S0_hi'
ptxas info    : (C7519) warpgroup.arrive is injected in around line 2799 by compiler to allow use of registers in GMMA in function '_Z21wgmma_m64nNk8_tf32_SSILi16EEvPfS0_S0_S0_hi'
ptxas info    : (C7519) warpgroup.arrive is injected in around line 2844 by compiler to allow use of registers in GMMA in function '_Z21wgmma_m64nNk8_tf32_SSILi16EEvPfS0_S0_S0_hi'
ptxas info    : (C7519) warpgroup.arrive is injected in around line 2871 by compiler to allow use of registers in GMMA in function '_Z21wgmma_m64nNk8_tf32_SSILi16EEvPfS0_S0_S0_hi'
ptxas info    : (C7519) warpgroup.arrive is injected in around line 2533 by compiler to allow use of registers in GMMA in function '_Z21wgmma_m64nNk8_tf32_SSILi32EEvPfS0_S0_S0_hi'
ptxas info    : (C7519) warpgroup.arrive is injected in around line 2578 by compiler to allow use of registers in GMMA in function '_Z21wgmma_m64nNk8_tf32_SSILi32EEvPfS0_S0_S0_hi'
ptxas info    : (C7519) warpgroup.arrive is injected in around line 2605 by compiler to allow use of registers in GMMA in function '_Z21wgmma_m64nNk8_tf32_SSILi32EEvPfS0_S0_S0_hi'
ptxas info    : (C7519) warpgroup.arrive is injected in around line 2142 by compiler to allow use of registers in GMMA in function '_Z21wgmma_m64nNk8_tf32_SSILi64EEvPfS0_S0_S0_hi'
ptxas info    : (C7519) warpgroup.arrive is injected in around line 2206 by compiler to allow use of registers in GMMA in function '_Z21wgmma_m64nNk8_tf32_SSILi64EEvPfS0_S0_S0_hi'
ptxas info    : (C7519) warpgroup.arrive is injected in around line 2218 by compiler to allow use of registers in GMMA in function '_Z21wgmma_m64nNk8_tf32_SSILi64EEvPfS0_S0_S0_hi'
ptxas info    : (C7519) warpgroup.arrive is injected in around line 1593 by compiler to allow use of registers in GMMA in function '_Z21wgmma_m64nNk8_tf32_SSILi128EEvPfS0_S0_S0_hi'
ptxas info    : (C7519) warpgroup.arrive is injected in around line 1656 by compiler to allow use of registers in GMMA in function '_Z21wgmma_m64nNk8_tf32_SSILi128EEvPfS0_S0_S0_hi'
ptxas info    : (C7519) warpgroup.arrive is injected in around line 1668 by compiler to allow use of registers in GMMA in function '_Z21wgmma_m64nNk8_tf32_SSILi128EEvPfS0_S0_S0_hi'
ptxas info    : (C7519) warpgroup.arrive is injected in around line 704 by compiler to allow use of registers in GMMA in function '_Z21wgmma_m64nNk8_tf32_SSILi256EEvPfS0_S0_S0_hi'
ptxas info    : (C7519) warpgroup.arrive is injected in around line 767 by compiler to allow use of registers in GMMA in function '_Z21wgmma_m64nNk8_tf32_SSILi256EEvPfS0_S0_S0_hi'
ptxas info    : (C7519) warpgroup.arrive is injected in around line 779 by compiler to allow use of registers in GMMA in function '_Z21wgmma_m64nNk8_tf32_SSILi256EEvPfS0_S0_S0_hi'
ptxas info    : (C7519) warpgroup.arrive is injected in around line 6048 by compiler to allow use of registers in GMMA in function '_Z22wgmma_m64nNk32_e4m3_RSILi8EEvPfPhS1_S0_hi'
ptxas info    : (C7519) warpgroup.arrive is injected in around line 6093 by compiler to allow use of registers in GMMA in function '_Z22wgmma_m64nNk32_e4m3_RSILi8EEvPfPhS1_S0_hi'
ptxas info    : (C7519) warpgroup.arrive is injected in around line 6104 by compiler to allow use of registers in GMMA in function '_Z22wgmma_m64nNk32_e4m3_RSILi8EEvPfPhS1_S0_hi'
ptxas info    : (C7519) warpgroup.arrive is injected in around line 5828 by compiler to allow use of registers in GMMA in function '_Z22wgmma_m64nNk32_e4m3_RSILi16EEvPfPhS1_S0_hi'
ptxas info    : (C7519) warpgroup.arrive is injected in around line 5873 by compiler to allow use of registers in GMMA in function '_Z22wgmma_m64nNk32_e4m3_RSILi16EEvPfPhS1_S0_hi'
ptxas info    : (C7519) warpgroup.arrive is injected in around line 5900 by compiler to allow use of registers in GMMA in function '_Z22wgmma_m64nNk32_e4m3_RSILi16EEvPfPhS1_S0_hi'
ptxas info    : (C7519) warpgroup.arrive is injected in around line 5570 by compiler to allow use of registers in GMMA in function '_Z22wgmma_m64nNk32_e4m3_RSILi32EEvPfPhS1_S0_hi'
ptxas info    : (C7519) warpgroup.arrive is injected in around line 5615 by compiler to allow use of registers in GMMA in function '_Z22wgmma_m64nNk32_e4m3_RSILi32EEvPfPhS1_S0_hi'
ptxas info    : (C7519) warpgroup.arrive is injected in around line 5642 by compiler to allow use of registers in GMMA in function '_Z22wgmma_m64nNk32_e4m3_RSILi32EEvPfPhS1_S0_hi'
ptxas info    : (C7519) warpgroup.arrive is injected in around line 5192 by compiler to allow use of registers in GMMA in function '_Z22wgmma_m64nNk32_e4m3_RSILi64EEvPfPhS1_S0_hi'
ptxas info    : (C7519) warpgroup.arrive is injected in around line 5251 by compiler to allow use of registers in GMMA in function '_Z22wgmma_m64nNk32_e4m3_RSILi64EEvPfPhS1_S0_hi'
ptxas info    : (C7519) warpgroup.arrive is injected in around line 5263 by compiler to allow use of registers in GMMA in function '_Z22wgmma_m64nNk32_e4m3_RSILi64EEvPfPhS1_S0_hi'
ptxas info    : (C7519) warpgroup.arrive is injected in around line 4654 by compiler to allow use of registers in GMMA in function '_Z22wgmma_m64nNk32_e4m3_RSILi128EEvPfPhS1_S0_hi'
ptxas info    : (C7519) warpgroup.arrive is injected in around line 4712 by compiler to allow use of registers in GMMA in function '_Z22wgmma_m64nNk32_e4m3_RSILi128EEvPfPhS1_S0_hi'
ptxas info    : (C7519) warpgroup.arrive is injected in around line 4724 by compiler to allow use of registers in GMMA in function '_Z22wgmma_m64nNk32_e4m3_RSILi128EEvPfPhS1_S0_hi'
ptxas info    : (C7519) warpgroup.arrive is injected in around line 3776 by compiler to allow use of registers in GMMA in function '_Z22wgmma_m64nNk32_e4m3_RSILi256EEvPfPhS1_S0_hi'
ptxas info    : (C7519) warpgroup.arrive is injected in around line 3834 by compiler to allow use of registers in GMMA in function '_Z22wgmma_m64nNk32_e4m3_RSILi256EEvPfPhS1_S0_hi'
ptxas info    : (C7519) warpgroup.arrive is injected in around line 3846 by compiler to allow use of registers in GMMA in function '_Z22wgmma_m64nNk32_e4m3_RSILi256EEvPfPhS1_S0_hi'
ptxas info    : (C7519) warpgroup.arrive is injected in around line 3015 by compiler to allow use of registers in GMMA in function '_Z22wgmma_m64nNk32_e4m3_SSILi8EEvPfPhS1_S0_hi'
ptxas info    : (C7519) warpgroup.arrive is injected in around line 3060 by compiler to allow use of registers in GMMA in function '_Z22wgmma_m64nNk32_e4m3_SSILi8EEvPfPhS1_S0_hi'
ptxas info    : (C7519) warpgroup.arrive is injected in around line 3071 by compiler to allow use of registers in GMMA in function '_Z22wgmma_m64nNk32_e4m3_SSILi8EEvPfPhS1_S0_hi'
ptxas info    : (C7519) warpgroup.arrive is injected in around line 2789 by compiler to allow use of registers in GMMA in function '_Z22wgmma_m64nNk32_e4m3_SSILi16EEvPfPhS1_S0_hi'
ptxas info    : (C7519) warpgroup.arrive is injected in around line 2834 by compiler to allow use of registers in GMMA in function '_Z22wgmma_m64nNk32_e4m3_SSILi16EEvPfPhS1_S0_hi'
ptxas info    : (C7519) warpgroup.arrive is injected in around line 2861 by compiler to allow use of registers in GMMA in function '_Z22wgmma_m64nNk32_e4m3_SSILi16EEvPfPhS1_S0_hi'
ptxas info    : (C7519) warpgroup.arrive is injected in around line 2525 by compiler to allow use of registers in GMMA in function '_Z22wgmma_m64nNk32_e4m3_SSILi32EEvPfPhS1_S0_hi'
ptxas info    : (C7519) warpgroup.arrive is injected in around line 2570 by compiler to allow use of registers in GMMA in function '_Z22wgmma_m64nNk32_e4m3_SSILi32EEvPfPhS1_S0_hi'
ptxas info    : (C7519) warpgroup.arrive is injected in around line 2597 by compiler to allow use of registers in GMMA in function '_Z22wgmma_m64nNk32_e4m3_SSILi32EEvPfPhS1_S0_hi'
ptxas info    : (C7519) warpgroup.arrive is injected in around line 2136 by compiler to allow use of registers in GMMA in function '_Z22wgmma_m64nNk32_e4m3_SSILi64EEvPfPhS1_S0_hi'
ptxas info    : (C7519) warpgroup.arrive is injected in around line 2200 by compiler to allow use of registers in GMMA in function '_Z22wgmma_m64nNk32_e4m3_SSILi64EEvPfPhS1_S0_hi'
ptxas info    : (C7519) warpgroup.arrive is injected in around line 2212 by compiler to allow use of registers in GMMA in function '_Z22wgmma_m64nNk32_e4m3_SSILi64EEvPfPhS1_S0_hi'
ptxas info    : (C7519) warpgroup.arrive is injected in around line 1589 by compiler to allow use of registers in GMMA in function '_Z22wgmma_m64nNk32_e4m3_SSILi128EEvPfPhS1_S0_hi'
ptxas info    : (C7519) warpgroup.arrive is injected in around line 1652 by compiler to allow use of registers in GMMA in function '_Z22wgmma_m64nNk32_e4m3_SSILi128EEvPfPhS1_S0_hi'
ptxas info    : (C7519) warpgroup.arrive is injected in around line 1664 by compiler to allow use of registers in GMMA in function '_Z22wgmma_m64nNk32_e4m3_SSILi128EEvPfPhS1_S0_hi'
ptxas info    : (C7519) warpgroup.arrive is injected in around line 702 by compiler to allow use of registers in GMMA in function '_Z22wgmma_m64nNk32_e4m3_SSILi256EEvPfPhS1_S0_hi'
ptxas info    : (C7519) warpgroup.arrive is injected in around line 765 by compiler to allow use of registers in GMMA in function '_Z22wgmma_m64nNk32_e4m3_SSILi256EEvPfPhS1_S0_hi'
ptxas info    : (C7519) warpgroup.arrive is injected in around line 777 by compiler to allow use of registers in GMMA in function '_Z22wgmma_m64nNk32_e4m3_SSILi256EEvPfPhS1_S0_hi'
ptxas info    : (C7519) warpgroup.arrive is injected in around line 6036 by compiler to allow use of registers in GMMA in function '_Z20wgmma_m64nNk32_s8_RSILi8EEvPiPaS1_S0_hi'
ptxas info    : (C7519) warpgroup.arrive is injected in around line 6081 by compiler to allow use of registers in GMMA in function '_Z20wgmma_m64nNk32_s8_RSILi8EEvPiPaS1_S0_hi'
ptxas info    : (C7519) warpgroup.arrive is injected in around line 6092 by compiler to allow use of registers in GMMA in function '_Z20wgmma_m64nNk32_s8_RSILi8EEvPiPaS1_S0_hi'
ptxas info    : (C7519) warpgroup.arrive is injected in around line 5817 by compiler to allow use of registers in GMMA in function '_Z20wgmma_m64nNk32_s8_RSILi16EEvPiPaS1_S0_hi'
ptxas info    : (C7519) warpgroup.arrive is injected in around line 5862 by compiler to allow use of registers in GMMA in function '_Z20wgmma_m64nNk32_s8_RSILi16EEvPiPaS1_S0_hi'
ptxas info    : (C7519) warpgroup.arrive is injected in around line 5889 by compiler to allow use of registers in GMMA in function '_Z20wgmma_m64nNk32_s8_RSILi16EEvPiPaS1_S0_hi'
ptxas info    : (C7519) warpgroup.arrive is injected in around line 5560 by compiler to allow use of registers in GMMA in function '_Z20wgmma_m64nNk32_s8_RSILi32EEvPiPaS1_S0_hi'
ptxas info    : (C7519) warpgroup.arrive is injected in around line 5605 by compiler to allow use of registers in GMMA in function '_Z20wgmma_m64nNk32_s8_RSILi32EEvPiPaS1_S0_hi'
ptxas info    : (C7519) warpgroup.arrive is injected in around line 5632 by compiler to allow use of registers in GMMA in function '_Z20wgmma_m64nNk32_s8_RSILi32EEvPiPaS1_S0_hi'
ptxas info    : (C7519) warpgroup.arrive is injected in around line 5183 by compiler to allow use of registers in GMMA in function '_Z20wgmma_m64nNk32_s8_RSILi64EEvPiPaS1_S0_hi'
ptxas info    : (C7519) warpgroup.arrive is injected in around line 5242 by compiler to allow use of registers in GMMA in function '_Z20wgmma_m64nNk32_s8_RSILi64EEvPiPaS1_S0_hi'
ptxas info    : (C7519) warpgroup.arrive is injected in around line 5254 by compiler to allow use of registers in GMMA in function '_Z20wgmma_m64nNk32_s8_RSILi64EEvPiPaS1_S0_hi'
ptxas info    : (C7519) warpgroup.arrive is injected in around line 4646 by compiler to allow use of registers in GMMA in function '_Z20wgmma_m64nNk32_s8_RSILi128EEvPiPaS1_S0_hi'
ptxas info    : (C7519) warpgroup.arrive is injected in around line 4704 by compiler to allow use of registers in GMMA in function '_Z20wgmma_m64nNk32_s8_RSILi128EEvPiPaS1_S0_hi'
ptxas info    : (C7519) warpgroup.arrive is injected in around line 4716 by compiler to allow use of registers in GMMA in function '_Z20wgmma_m64nNk32_s8_RSILi128EEvPiPaS1_S0_hi'
ptxas info    : (C7519) warpgroup.arrive is injected in around line 3769 by compiler to allow use of registers in GMMA in function '_Z20wgmma_m64nNk32_s8_RSILi256EEvPiPaS1_S0_hi'
ptxas info    : (C7519) warpgroup.arrive is injected in around line 3827 by compiler to allow use of registers in GMMA in function '_Z20wgmma_m64nNk32_s8_RSILi256EEvPiPaS1_S0_hi'
ptxas info    : (C7519) warpgroup.arrive is injected in around line 3839 by compiler to allow use of registers in GMMA in function '_Z20wgmma_m64nNk32_s8_RSILi256EEvPiPaS1_S0_hi'
ptxas info    : (C7519) warpgroup.arrive is injected in around line 3009 by compiler to allow use of registers in GMMA in function '_Z20wgmma_m64nNk32_s8_SSILi8EEvPiPaS1_S0_hi'
ptxas info    : (C7519) warpgroup.arrive is injected in around line 3054 by compiler to allow use of registers in GMMA in function '_Z20wgmma_m64nNk32_s8_SSILi8EEvPiPaS1_S0_hi'
ptxas info    : (C7519) warpgroup.arrive is injected in around line 3065 by compiler to allow use of registers in GMMA in function '_Z20wgmma_m64nNk32_s8_SSILi8EEvPiPaS1_S0_hi'
ptxas info    : (C7519) warpgroup.arrive is injected in around line 2784 by compiler to allow use of registers in GMMA in function '_Z20wgmma_m64nNk32_s8_SSILi16EEvPiPaS1_S0_hi'
ptxas info    : (C7519) warpgroup.arrive is injected in around line 2829 by compiler to allow use of registers in GMMA in function '_Z20wgmma_m64nNk32_s8_SSILi16EEvPiPaS1_S0_hi'
ptxas info    : (C7519) warpgroup.arrive is injected in around line 2856 by compiler to allow use of registers in GMMA in function '_Z20wgmma_m64nNk32_s8_SSILi16EEvPiPaS1_S0_hi'
ptxas info    : (C7519) warpgroup.arrive is injected in around line 2521 by compiler to allow use of registers in GMMA in function '_Z20wgmma_m64nNk32_s8_SSILi32EEvPiPaS1_S0_hi'
ptxas info    : (C7519) warpgroup.arrive is injected in around line 2566 by compiler to allow use of registers in GMMA in function '_Z20wgmma_m64nNk32_s8_SSILi32EEvPiPaS1_S0_hi'
ptxas info    : (C7519) warpgroup.arrive is injected in around line 2593 by compiler to allow use of registers in GMMA in function '_Z20wgmma_m64nNk32_s8_SSILi32EEvPiPaS1_S0_hi'
ptxas info    : (C7519) warpgroup.arrive is injected in around line 2133 by compiler to allow use of registers in GMMA in function '_Z20wgmma_m64nNk32_s8_SSILi64EEvPiPaS1_S0_hi'
ptxas info    : (C7519) warpgroup.arrive is injected in around line 2197 by compiler to allow use of registers in GMMA in function '_Z20wgmma_m64nNk32_s8_SSILi64EEvPiPaS1_S0_hi'
ptxas info    : (C7519) warpgroup.arrive is injected in around line 2209 by compiler to allow use of registers in GMMA in function '_Z20wgmma_m64nNk32_s8_SSILi64EEvPiPaS1_S0_hi'
ptxas info    : (C7519) warpgroup.arrive is injected in around line 1587 by compiler to allow use of registers in GMMA in function '_Z20wgmma_m64nNk32_s8_SSILi128EEvPiPaS1_S0_hi'
ptxas info    : (C7519) warpgroup.arrive is injected in around line 1650 by compiler to allow use of registers in GMMA in function '_Z20wgmma_m64nNk32_s8_SSILi128EEvPiPaS1_S0_hi'
ptxas info    : (C7519) warpgroup.arrive is injected in around line 1662 by compiler to allow use of registers in GMMA in function '_Z20wgmma_m64nNk32_s8_SSILi128EEvPiPaS1_S0_hi'
ptxas info    : (C7519) warpgroup.arrive is injected in around line 701 by compiler to allow use of registers in GMMA in function '_Z20wgmma_m64nNk32_s8_SSILi256EEvPiPaS1_S0_hi'
ptxas info    : (C7519) warpgroup.arrive is injected in around line 764 by compiler to allow use of registers in GMMA in function '_Z20wgmma_m64nNk32_s8_SSILi256EEvPiPaS1_S0_hi'
ptxas info    : (C7519) warpgroup.arrive is injected in around line 776 by compiler to allow use of registers in GMMA in function '_Z20wgmma_m64nNk32_s8_SSILi256EEvPiPaS1_S0_hi'
ptxas info    : (C7519) warpgroup.arrive is injected in around line 4533 by compiler to allow use of registers in GMMA in function '_Z22wgmma_m64nNk16_fmix_RSILi8EEvPfP7__half2S2_S0_hi'
ptxas info    : (C7519) warpgroup.arrive is injected in around line 4578 by compiler to allow use of registers in GMMA in function '_Z22wgmma_m64nNk16_fmix_RSILi8EEvPfP7__half2S2_S0_hi'
ptxas info    : (C7519) warpgroup.arrive is injected in around line 4589 by compiler to allow use of registers in GMMA in function '_Z22wgmma_m64nNk16_fmix_RSILi8EEvPfP7__half2S2_S0_hi'
ptxas info    : (C7519) warpgroup.arrive is injected in around line 4343 by compiler to allow use of registers in GMMA in function '_Z22wgmma_m64nNk16_fmix_RSILi16EEvPfP7__half2S2_S0_hi'
ptxas info    : (C7519) warpgroup.arrive is injected in around line 4388 by compiler to allow use of registers in GMMA in function '_Z22wgmma_m64nNk16_fmix_RSILi16EEvPfP7__half2S2_S0_hi'
ptxas info    : (C7519) warpgroup.arrive is injected in around line 4399 by compiler to allow use of registers in GMMA in function '_Z22wgmma_m64nNk16_fmix_RSILi16EEvPfP7__half2S2_S0_hi'
ptxas info    : (C7519) warpgroup.arrive is injected in around line 4109 by compiler to allow use of registers in GMMA in function '_Z22wgmma_m64nNk16_fmix_RSILi32EEvPfP7__half2S2_S0_hi'
ptxas info    : (C7519) warpgroup.arrive is injected in around line 4154 by compiler to allow use of registers in GMMA in function '_Z22wgmma_m64nNk16_fmix_RSILi32EEvPfP7__half2S2_S0_hi'
ptxas info    : (C7519) warpgroup.arrive is injected in around line 4181 by compiler to allow use of registers in GMMA in function '_Z22wgmma_m64nNk16_fmix_RSILi32EEvPfP7__half2S2_S0_hi'
ptxas info    : (C7519) warpgroup.arrive is injected in around line 3825 by compiler to allow use of registers in GMMA in function '_Z22wgmma_m64nNk16_fmix_RSILi64EEvPfP7__half2S2_S0_hi'
ptxas info    : (C7519) warpgroup.arrive is injected in around line 3870 by compiler to allow use of registers in GMMA in function '_Z22wgmma_m64nNk16_fmix_RSILi64EEvPfP7__half2S2_S0_hi'
ptxas info    : (C7519) warpgroup.arrive is injected in around line 3897 by compiler to allow use of registers in GMMA in function '_Z22wgmma_m64nNk16_fmix_RSILi64EEvPfP7__half2S2_S0_hi'
ptxas info    : (C7519) warpgroup.arrive is injected in around line 3403 by compiler to allow use of registers in GMMA in function '_Z22wgmma_m64nNk16_fmix_RSILi128EEvPfP7__half2S2_S0_hi'
ptxas info    : (C7519) warpgroup.arrive is injected in around line 3462 by compiler to allow use of registers in GMMA in function '_Z22wgmma_m64nNk16_fmix_RSILi128EEvPfP7__half2S2_S0_hi'
ptxas info    : (C7519) warpgroup.arrive is injected in around line 3474 by compiler to allow use of registers in GMMA in function '_Z22wgmma_m64nNk16_fmix_RSILi128EEvPfP7__half2S2_S0_hi'
ptxas info    : (C7519) warpgroup.arrive is injected in around line 2761 by compiler to allow use of registers in GMMA in function '_Z22wgmma_m64nNk16_fmix_RSILi256EEvPfP7__half2S2_S0_hi'
ptxas info    : (C7519) warpgroup.arrive is injected in around line 2819 by compiler to allow use of registers in GMMA in function '_Z22wgmma_m64nNk16_fmix_RSILi256EEvPfP7__half2S2_S0_hi'
ptxas info    : (C7519) warpgroup.arrive is injected in around line 2831 by compiler to allow use of registers in GMMA in function '_Z22wgmma_m64nNk16_fmix_RSILi256EEvPfP7__half2S2_S0_hi'
ptxas info    : (C7519) warpgroup.arrive is injected in around line 2258 by compiler to allow use of registers in GMMA in function '_Z22wgmma_m64nNk16_fmix_SSILi8EEvPfP7__half2S2_S0_hi'
ptxas info    : (C7519) warpgroup.arrive is injected in around line 2303 by compiler to allow use of registers in GMMA in function '_Z22wgmma_m64nNk16_fmix_SSILi8EEvPfP7__half2S2_S0_hi'
ptxas info    : (C7519) warpgroup.arrive is injected in around line 2313 by compiler to allow use of registers in GMMA in function '_Z22wgmma_m64nNk16_fmix_SSILi8EEvPfP7__half2S2_S0_hi'
ptxas info    : (C7519) warpgroup.arrive is injected in around line 2062 by compiler to allow use of registers in GMMA in function '_Z22wgmma_m64nNk16_fmix_SSILi16EEvPfP7__half2S2_S0_hi'
ptxas info    : (C7519) warpgroup.arrive is injected in around line 2107 by compiler to allow use of registers in GMMA in function '_Z22wgmma_m64nNk16_fmix_SSILi16EEvPfP7__half2S2_S0_hi'
ptxas info    : (C7519) warpgroup.arrive is injected in around line 2118 by compiler to allow use of registers in GMMA in function '_Z22wgmma_m64nNk16_fmix_SSILi16EEvPfP7__half2S2_S0_hi'
ptxas info    : (C7519) warpgroup.arrive is injected in around line 1822 by compiler to allow use of registers in GMMA in function '_Z22wgmma_m64nNk16_fmix_SSILi32EEvPfP7__half2S2_S0_hi'
ptxas info    : (C7519) warpgroup.arrive is injected in around line 1867 by compiler to allow use of registers in GMMA in function '_Z22wgmma_m64nNk16_fmix_SSILi32EEvPfP7__half2S2_S0_hi'
ptxas info    : (C7519) warpgroup.arrive is injected in around line 1894 by compiler to allow use of registers in GMMA in function '_Z22wgmma_m64nNk16_fmix_SSILi32EEvPfP7__half2S2_S0_hi'
ptxas info    : (C7519) warpgroup.arrive is injected in around line 1532 by compiler to allow use of registers in GMMA in function '_Z22wgmma_m64nNk16_fmix_SSILi64EEvPfP7__half2S2_S0_hi'
ptxas info    : (C7519) warpgroup.arrive is injected in around line 1577 by compiler to allow use of registers in GMMA in function '_Z22wgmma_m64nNk16_fmix_SSILi64EEvPfP7__half2S2_S0_hi'
ptxas info    : (C7519) warpgroup.arrive is injected in around line 1604 by compiler to allow use of registers in GMMA in function '_Z22wgmma_m64nNk16_fmix_SSILi64EEvPfP7__half2S2_S0_hi'
ptxas info    : (C7519) warpgroup.arrive is injected in around line 1099 by compiler to allow use of registers in GMMA in function '_Z22wgmma_m64nNk16_fmix_SSILi128EEvPfP7__half2S2_S0_hi'
ptxas info    : (C7519) warpgroup.arrive is injected in around line 1163 by compiler to allow use of registers in GMMA in function '_Z22wgmma_m64nNk16_fmix_SSILi128EEvPfP7__half2S2_S0_hi'
ptxas info    : (C7519) warpgroup.arrive is injected in around line 1175 by compiler to allow use of registers in GMMA in function '_Z22wgmma_m64nNk16_fmix_SSILi128EEvPfP7__half2S2_S0_hi'
ptxas info    : (C7519) warpgroup.arrive is injected in around line 448 by compiler to allow use of registers in GMMA in function '_Z22wgmma_m64nNk16_fmix_SSILi256EEvPfP7__half2S2_S0_hi'
ptxas info    : (C7519) warpgroup.arrive is injected in around line 511 by compiler to allow use of registers in GMMA in function '_Z22wgmma_m64nNk16_fmix_SSILi256EEvPfP7__half2S2_S0_hi'
ptxas info    : (C7519) warpgroup.arrive is injected in around line 523 by compiler to allow use of registers in GMMA in function '_Z22wgmma_m64nNk16_fmix_SSILi256EEvPfP7__half2S2_S0_hi'
ptxas info    : (C7519) warpgroup.arrive is injected in around line 4509 by compiler to allow use of registers in GMMA in function '_Z22wgmma_m64nNk32_e4m3_RSILi8EEvPfPhS1_S0_hi'
ptxas info    : (C7519) warpgroup.arrive is injected in around line 4554 by compiler to allow use of registers in GMMA in function '_Z22wgmma_m64nNk32_e4m3_RSILi8EEvPfPhS1_S0_hi'
ptxas info    : (C7519) warpgroup.arrive is injected in around line 4565 by compiler to allow use of registers in GMMA in function '_Z22wgmma_m64nNk32_e4m3_RSILi8EEvPfPhS1_S0_hi'
ptxas info    : (C7519) warpgroup.arrive is injected in around line 4321 by compiler to allow use of registers in GMMA in function '_Z22wgmma_m64nNk32_e4m3_RSILi16EEvPfPhS1_S0_hi'
ptxas info    : (C7519) warpgroup.arrive is injected in around line 4366 by compiler to allow use of registers in GMMA in function '_Z22wgmma_m64nNk32_e4m3_RSILi16EEvPfPhS1_S0_hi'
ptxas info    : (C7519) warpgroup.arrive is injected in around line 4377 by compiler to allow use of registers in GMMA in function '_Z22wgmma_m64nNk32_e4m3_RSILi16EEvPfPhS1_S0_hi'
ptxas info    : (C7519) warpgroup.arrive is injected in around line 4089 by compiler to allow use of registers in GMMA in function '_Z22wgmma_m64nNk32_e4m3_RSILi32EEvPfPhS1_S0_hi'
ptxas info    : (C7519) warpgroup.arrive is injected in around line 4134 by compiler to allow use of registers in GMMA in function '_Z22wgmma_m64nNk32_e4m3_RSILi32EEvPfPhS1_S0_hi'
ptxas info    : (C7519) warpgroup.arrive is injected in around line 4161 by compiler to allow use of registers in GMMA in function '_Z22wgmma_m64nNk32_e4m3_RSILi32EEvPfPhS1_S0_hi'
ptxas info    : (C7519) warpgroup.arrive is injected in around line 3807 by compiler to allow use of registers in GMMA in function '_Z22wgmma_m64nNk32_e4m3_RSILi64EEvPfPhS1_S0_hi'
ptxas info    : (C7519) warpgroup.arrive is injected in around line 3852 by compiler to allow use of registers in GMMA in function '_Z22wgmma_m64nNk32_e4m3_RSILi64EEvPfPhS1_S0_hi'
ptxas info    : (C7519) warpgroup.arrive is injected in around line 3879 by compiler to allow use of registers in GMMA in function '_Z22wgmma_m64nNk32_e4m3_RSILi64EEvPfPhS1_S0_hi'
ptxas info    : (C7519) warpgroup.arrive is injected in around line 3387 by compiler to allow use of registers in GMMA in function '_Z22wgmma_m64nNk32_e4m3_RSILi128EEvPfPhS1_S0_hi'
ptxas info    : (C7519) warpgroup.arrive is injected in around line 3446 by compiler to allow use of registers in GMMA in function '_Z22wgmma_m64nNk32_e4m3_RSILi128EEvPfPhS1_S0_hi'
ptxas info    : (C7519) warpgroup.arrive is injected in around line 3458 by compiler to allow use of registers in GMMA in function '_Z22wgmma_m64nNk32_e4m3_RSILi128EEvPfPhS1_S0_hi'
ptxas info    : (C7519) warpgroup.arrive is injected in around line 2747 by compiler to allow use of registers in GMMA in function '_Z22wgmma_m64nNk32_e4m3_RSILi256EEvPfPhS1_S0_hi'
ptxas info    : (C7519) warpgroup.arrive is injected in around line 2805 by compiler to allow use of registers in GMMA in function '_Z22wgmma_m64nNk32_e4m3_RSILi256EEvPfPhS1_S0_hi'
ptxas info    : (C7519) warpgroup.arrive is injected in around line 2817 by compiler to allow use of registers in GMMA in function '_Z22wgmma_m64nNk32_e4m3_RSILi256EEvPfPhS1_S0_hi'
ptxas info    : (C7519) warpgroup.arrive is injected in around line 2246 by compiler to allow use of registers in GMMA in function '_Z22wgmma_m64nNk32_e4m3_SSILi8EEvPfPhS1_S0_hi'
ptxas info    : (C7519) warpgroup.arrive is injected in around line 2291 by compiler to allow use of registers in GMMA in function '_Z22wgmma_m64nNk32_e4m3_SSILi8EEvPfPhS1_S0_hi'
ptxas info    : (C7519) warpgroup.arrive is injected in around line 2301 by compiler to allow use of registers in GMMA in function '_Z22wgmma_m64nNk32_e4m3_SSILi8EEvPfPhS1_S0_hi'
ptxas info    : (C7519) warpgroup.arrive is injected in around line 2052 by compiler to allow use of registers in GMMA in function '_Z22wgmma_m64nNk32_e4m3_SSILi16EEvPfPhS1_S0_hi'
ptxas info    : (C7519) warpgroup.arrive is injected in around line 2097 by compiler to allow use of registers in GMMA in function '_Z22wgmma_m64nNk32_e4m3_SSILi16EEvPfPhS1_S0_hi'
ptxas info    : (C7519) warpgroup.arrive is injected in around line 2108 by compiler to allow use of registers in GMMA in function '_Z22wgmma_m64nNk32_e4m3_SSILi16EEvPfPhS1_S0_hi'
ptxas info    : (C7519) warpgroup.arrive is injected in around line 1814 by compiler to allow use of registers in GMMA in function '_Z22wgmma_m64nNk32_e4m3_SSILi32EEvPfPhS1_S0_hi'
ptxas info    : (C7519) warpgroup.arrive is injected in around line 1859 by compiler to allow use of registers in GMMA in function '_Z22wgmma_m64nNk32_e4m3_SSILi32EEvPfPhS1_S0_hi'
ptxas info    : (C7519) warpgroup.arrive is injected in around line 1886 by compiler to allow use of registers in GMMA in function '_Z22wgmma_m64nNk32_e4m3_SSILi32EEvPfPhS1_S0_hi'
ptxas info    : (C7519) warpgroup.arrive is injected in around line 1526 by compiler to allow use of registers in GMMA in function '_Z22wgmma_m64nNk32_e4m3_SSILi64EEvPfPhS1_S0_hi'
ptxas info    : (C7519) warpgroup.arrive is injected in around line 1571 by compiler to allow use of registers in GMMA in function '_Z22wgmma_m64nNk32_e4m3_SSILi64EEvPfPhS1_S0_hi'
ptxas info    : (C7519) warpgroup.arrive is injected in around line 1598 by compiler to allow use of registers in GMMA in function '_Z22wgmma_m64nNk32_e4m3_SSILi64EEvPfPhS1_S0_hi'
ptxas info    : (C7519) warpgroup.arrive is injected in around line 1095 by compiler to allow use of registers in GMMA in function '_Z22wgmma_m64nNk32_e4m3_SSILi128EEvPfPhS1_S0_hi'
ptxas info    : (C7519) warpgroup.arrive is injected in around line 1159 by compiler to allow use of registers in GMMA in function '_Z22wgmma_m64nNk32_e4m3_SSILi128EEvPfPhS1_S0_hi'
ptxas info    : (C7519) warpgroup.arrive is injected in around line 1171 by compiler to allow use of registers in GMMA in function '_Z22wgmma_m64nNk32_e4m3_SSILi128EEvPfPhS1_S0_hi'
ptxas info    : (C7519) warpgroup.arrive is injected in around line 446 by compiler to allow use of registers in GMMA in function '_Z22wgmma_m64nNk32_e4m3_SSILi256EEvPfPhS1_S0_hi'
ptxas info    : (C7519) warpgroup.arrive is injected in around line 509 by compiler to allow use of registers in GMMA in function '_Z22wgmma_m64nNk32_e4m3_SSILi256EEvPfPhS1_S0_hi'
ptxas info    : (C7519) warpgroup.arrive is injected in around line 521 by compiler to allow use of registers in GMMA in function '_Z22wgmma_m64nNk32_e4m3_SSILi256EEvPfPhS1_S0_hi'
